flutter : Flutter assets will be downloaded from https://mirrors.tuna.tsinghua.edu.cn/flutter/. Make sure you trust thi
s source!
所在位置 行:1 字符: 124
+ ... pper_computer_tools\VCR; flutter build windows --release 2>&1 | Out-F ...
+                              ~~~~~~~~~~~~~~~~~~~~~~~~~~~~~~~~~~~~
    + CategoryInfo          : NotSpecified: (Flutter assets ...st this source!:String) [], RemoteException
    + FullyQualifiedErrorId : NativeCommandError
 
Building Windows application...                                    35.9s
√ Built build\windows\x64\runner\Release\vcr.exe
